---
source: hydroflow_datalog_core/src/lib.rs
expression: flat_graph_ref.surface_syntax_string()
---
2v1 = unique :: < 'tick > ();
5v1 = unique :: < 'tick > ();
7v1 = source_stream (ints);
8v1 = for_each (| v | result . send (v) . unwrap ());
9v1 = map (| row : (_ , _ ,) | (() , (row . 0 , row . 1 ,)));
10v1 = group_by :: < 'tick , () , (_ , _ ,) > (| | (None , None ,) , | old : & mut (_ , _ ,) , val : (_ , _ ,) | { let prev : & mut Option < _ > = & mut old . 0 ; if let Some (max) = prev . as_mut () { * max = :: std :: cmp :: max (* max , val . 0) ; } else { * prev = Some (val . 0) ; } let prev : & mut Option < _ > = & mut old . 1 ; if let Some (max) = prev . as_mut () { * max = :: std :: cmp :: max (* max , val . 1) ; } else { * prev = Some (val . 1) ; } });
11v1 = map (| (g , a) : (() , _) | (a . 0 . unwrap () , a . 1 . unwrap () ,));

7v1 -> 2v1;
11v1 -> 5v1;
5v1 -> 8v1;
10v1 -> 11v1;
9v1 -> 10v1;
2v1 -> 9v1;

