---
source: dfir_rs/tests/surface_loop_2.rs
expression: "df.meta_graph().unwrap().to_dot(& Default :: default())"
---
digraph {
    node [fontname="Monaco,Menlo,Consolas,&quot;Droid Sans Mono&quot;,Inconsolata,&quot;Courier New&quot;,monospace", style=filled];
    edge [fontname="Monaco,Menlo,Consolas,&quot;Droid Sans Mono&quot;,Inconsolata,&quot;Courier New&quot;,monospace"];
    n1v1 [label="(n1v1) None source_iter([\"alice\", \"bob\"])", shape=invhouse, fillcolor="#88aaff"]
    n2v1 [label="(n2v1) Some(GraphLoopId(1v1)) batch()", shape=invhouse, fillcolor="#88aaff"]
    n3v1 [label="(n3v1) Some(GraphLoopId(1v1)) inspect(|x| println!(\"{}: {:?}\", line!(), x))", shape=invhouse, fillcolor="#88aaff"]
    n4v1 [label="(n4v1) Some(GraphLoopId(1v1)) flatten()", shape=invhouse, fillcolor="#88aaff"]
    n5v1 [label="(n5v1) Some(GraphLoopId(1v1)) enumerate()", shape=invhouse, fillcolor="#88aaff"]
    n6v1 [label="(n6v1) Some(GraphLoopId(2v1)) repeat_n(3)", shape=invhouse, fillcolor="#88aaff"]
    n7v1 [label="(n7v1) Some(GraphLoopId(2v1)) inspect(|x| println!(\"{}: {:?}\", line!(), x))", shape=invhouse, fillcolor="#88aaff"]
    n8v1 [label="(n8v1) Some(GraphLoopId(2v1)) flatten()", shape=invhouse, fillcolor="#88aaff"]
    n9v1 [label="(n9v1) Some(GraphLoopId(2v1)) enumerate()", shape=invhouse, fillcolor="#88aaff"]
    n10v1 [label="(n10v1) Some(GraphLoopId(3v1)) repeat_n(3)", shape=invhouse, fillcolor="#88aaff"]
    n11v1 [label="(n11v1) Some(GraphLoopId(3v1)) inspect(|x| println!(\"x {:?}\", x))", shape=invhouse, fillcolor="#88aaff"]
    n12v1 [label="(n12v1) Some(GraphLoopId(3v1)) null()", shape=house, fillcolor="#ffff88"]
    n13v1 [label="(n13v1) None handoff", shape=parallelogram, fillcolor="#ddddff"]
    n14v1 [label="(n14v1) None handoff", shape=parallelogram, fillcolor="#ddddff"]
    n15v1 [label="(n15v1) None handoff", shape=parallelogram, fillcolor="#ddddff"]
    n4v1 -> n5v1
    n3v1 -> n4v1
    n2v1 -> n3v1
    n1v1 -> n13v1
    n8v1 -> n9v1
    n7v1 -> n8v1
    n6v1 -> n7v1
    n5v1 -> n14v1
    n11v1 -> n12v1
    n10v1 -> n11v1
    n9v1 -> n15v1
    n13v1 -> n2v1
    n14v1 -> n6v1 [color=red]
    n15v1 -> n10v1 [color=red]
    subgraph "cluster n1v1" {
        fillcolor="#dddddd"
        style=filled
        label = "sg_1v1\nstratum 0"
        n1v1
        subgraph "cluster_sg_1v1_var_usrs1" {
            label="var usrs1"
            n1v1
        }
    }
    subgraph "cluster n2v1" {
        fillcolor="#dddddd"
        style=filled
        label = "sg_2v1\nstratum 0"
        n2v1
        n3v1
        n4v1
        n5v1
        subgraph "cluster_sg_2v1_var_usrs2" {
            label="var usrs2"
            n2v1
            n3v1
            n4v1
            n5v1
        }
    }
    subgraph "cluster n3v1" {
        fillcolor="#dddddd"
        style=filled
        label = "sg_3v1\nstratum 0"
        n6v1
        n7v1
        n8v1
        n9v1
        subgraph "cluster_sg_3v1_var_usrs3" {
            label="var usrs3"
            n6v1
            n7v1
            n8v1
            n9v1
        }
    }
    subgraph "cluster n4v1" {
        fillcolor="#dddddd"
        style=filled
        label = "sg_4v1\nstratum 0"
        n10v1
        n11v1
        n12v1
    }
}
