---
source: dfir_rs/tests/surface_persist.rs
expression: "hf.meta_graph().unwrap().to_dot(& Default :: default())"
---
digraph {
    node [fontname="Monaco,Menlo,Consolas,&quot;Droid Sans Mono&quot;,Inconsolata,&quot;Courier New&quot;,monospace", style=filled];
    edge [fontname="Monaco,Menlo,Consolas,&quot;Droid Sans Mono&quot;,Inconsolata,&quot;Courier New&quot;,monospace"];
    n1v1 [label="(n1v1) None source_iter([1])", shape=invhouse, fillcolor="#88aaff"]
    n2v1 [label="(n2v1) None persist::<'static>()", shape=invhouse, fillcolor="#88aaff"]
    n3v1 [label="(n3v1) None null()", shape=invhouse, fillcolor="#88aaff"]
    n4v1 [label="(n4v1) None union()", shape=invhouse, fillcolor="#88aaff"]
    n5v1 [label="(n5v1) None persist::<'static>()", shape=invhouse, fillcolor="#88aaff"]
    n6v1 [label="(n6v1) None null()", shape=invhouse, fillcolor="#88aaff"]
    n7v1 [label="(n7v1) None union()", shape=invhouse, fillcolor="#88aaff"]
    n8v1 [label="(n8v1) None fold(|| 0, |a: &mut _, b| *a += b)", shape=invhouse, fillcolor="#88aaff"]
    n9v1 [label="(n9v1) None for_each(|x| result_send.send(x).unwrap())", shape=house, fillcolor="#ffff88"]
    n10v1 [label="(n10v1) None handoff", shape=parallelogram, fillcolor="#ddddff"]
    n2v1 -> n4v1
    n1v1 -> n2v1
    n3v1 -> n4v1
    n5v1 -> n7v1
    n4v1 -> n5v1
    n6v1 -> n7v1
    n8v1 -> n9v1
    n7v1 -> n10v1
    n10v1 -> n8v1 [color=red]
    subgraph "cluster n1v1" {
        fillcolor="#dddddd"
        style=filled
        label = "sg_1v1\nstratum 0"
        n1v1
        n2v1
        n3v1
        n4v1
        n5v1
        n6v1
        n7v1
        subgraph "cluster_sg_1v1_var_m0" {
            label="var m0"
            n4v1
            n5v1
        }
        subgraph "cluster_sg_1v1_var_m1" {
            label="var m1"
            n7v1
        }
    }
    subgraph "cluster n2v1" {
        fillcolor="#dddddd"
        style=filled
        label = "sg_2v1\nstratum 1"
        n8v1
        n9v1
        subgraph "cluster_sg_2v1_var_m1" {
            label="var m1"
            n8v1
            n9v1
        }
    }
}
