---
source: dfir_rs/tests/surface_persist.rs
expression: "hf.meta_graph().unwrap().to_dot(& Default :: default())"
---
digraph {
    node [fontname="Monaco,Menlo,Consolas,&quot;Droid Sans Mono&quot;,Inconsolata,&quot;Courier New&quot;,monospace", style=filled];
    edge [fontname="Monaco,Menlo,Consolas,&quot;Droid Sans Mono&quot;,Inconsolata,&quot;Courier New&quot;,monospace"];
    n1v1 [label="(n1v1) None source_iter([1])", shape=invhouse, fillcolor="#88aaff"]
    n2v1 [label="(n2v1) None persist::<'static>()", shape=invhouse, fillcolor="#88aaff"]
    n3v1 [label="(n3v1) None persist::<'static>()", shape=invhouse, fillcolor="#88aaff"]
    n4v1 [label="(n4v1) None fold(|| 0, |a: &mut _, b| *a += b)", shape=invhouse, fillcolor="#88aaff"]
    n5v1 [label="(n5v1) None for_each(|x| result_send.send(x).unwrap())", shape=house, fillcolor="#ffff88"]
    n6v1 [label="(n6v1) None handoff", shape=parallelogram, fillcolor="#ddddff"]
    n4v1 -> n5v1
    n3v1 -> n6v1
    n2v1 -> n3v1
    n1v1 -> n2v1
    n6v1 -> n4v1 [color=red]
    subgraph "cluster n1v1" {
        fillcolor="#dddddd"
        style=filled
        label = "sg_1v1\nstratum 0"
        n1v1
        n2v1
        n3v1
    }
    subgraph "cluster n2v1" {
        fillcolor="#dddddd"
        style=filled
        label = "sg_2v1\nstratum 1"
        n4v1
        n5v1
    }
}
