error: `demux(..)` closure argument `c` missing corresponding output port.
 --> tests/compile-fail/surface_demux_port_missing.rs:5:67
  |
5 |         my_demux = source_iter(0..10) -> demux(|item, varg!(a, b, c)| {
  |                                                                   ^

warning: unused import: `varg`
 --> tests/compile-fail/surface_demux_port_missing.rs:1:35
  |
1 | use hydroflow::{hydroflow_syntax, varg};
  |                                   ^^^^
  |
  = note: `#[warn(unused_imports)]` on by default
